{
  "shape": [
    1827,
    800
  ],
  "n_unique_dates": 1827,
  "head_dates": [
    "2018-01-01",
    "2018-01-02",
    "2018-01-03"
  ],
  "tail_dates": [
    "2024-12-27",
    "2024-12-30",
    "2024-12-31"
  ],
  "start": "2018-01-01",
  "end": "2024-12-31",
  "n_files": 86,
  "total_bytes": 49724259,
  "build_seconds": 2.3292026249982882
}